Archive member included to satisfy reference by file (symbol)

c:/program files (x86)/atmel/studio/7.0/toolchain/arm/arm-gnu-toolchain/bin/../lib/gcc/arm-none-eabi/6.3.1/thumb/v7-m\libgcc.a(_arm_addsubdf3.o)
                              TimerClass.o (__aeabi_dsub)
c:/program files (x86)/atmel/studio/7.0/toolchain/arm/arm-gnu-toolchain/bin/../lib/gcc/arm-none-eabi/6.3.1/thumb/v7-m\libgcc.a(_arm_muldivdf3.o)
                              TimerClass.o (__aeabi_dmul)
c:/program files (x86)/atmel/studio/7.0/toolchain/arm/arm-gnu-toolchain/bin/../lib/gcc/arm-none-eabi/6.3.1/thumb/v7-m\libgcc.a(_arm_fixunsdfsi.o)
                              TimerClass.o (__aeabi_d2uiz)
c:/program files (x86)/atmel/studio/7.0/toolchain/arm/arm-gnu-toolchain/bin/../lib/gcc/arm-none-eabi/6.3.1/thumb/v7-m\libgcc.a(_arm_addsubsf3.o)
                              TimerClass.o (__aeabi_ui2f)
c:/program files (x86)/atmel/studio/7.0/toolchain/arm/arm-gnu-toolchain/bin/../lib/gcc/arm-none-eabi/6.3.1/../../../../arm-none-eabi/lib/thumb/v7-m\libc.a(lib_a-exit.o)
                              c:/program files (x86)/atmel/studio/7.0/toolchain/arm/arm-gnu-toolchain/bin/../lib/gcc/arm-none-eabi/6.3.1/../../../../arm-none-eabi/lib/thumb/v7-m/crt0.o (exit)
c:/program files (x86)/atmel/studio/7.0/toolchain/arm/arm-gnu-toolchain/bin/../lib/gcc/arm-none-eabi/6.3.1/../../../../arm-none-eabi/lib/thumb/v7-m\libc.a(lib_a-impure.o)
                              c:/program files (x86)/atmel/studio/7.0/toolchain/arm/arm-gnu-toolchain/bin/../lib/gcc/arm-none-eabi/6.3.1/../../../../arm-none-eabi/lib/thumb/v7-m\libc.a(lib_a-exit.o) (_global_impure_ptr)
c:/program files (x86)/atmel/studio/7.0/toolchain/arm/arm-gnu-toolchain/bin/../lib/gcc/arm-none-eabi/6.3.1/../../../../arm-none-eabi/lib/thumb/v7-m\libc.a(lib_a-init.o)
                              c:/program files (x86)/atmel/studio/7.0/toolchain/arm/arm-gnu-toolchain/bin/../lib/gcc/arm-none-eabi/6.3.1/../../../../arm-none-eabi/lib/thumb/v7-m/crt0.o (__libc_init_array)
c:/program files (x86)/atmel/studio/7.0/toolchain/arm/arm-gnu-toolchain/bin/../lib/gcc/arm-none-eabi/6.3.1/../../../../arm-none-eabi/lib/thumb/v7-m\libc.a(lib_a-memset.o)
                              c:/program files (x86)/atmel/studio/7.0/toolchain/arm/arm-gnu-toolchain/bin/../lib/gcc/arm-none-eabi/6.3.1/../../../../arm-none-eabi/lib/thumb/v7-m/crt0.o (memset)
c:/program files (x86)/atmel/studio/7.0/toolchain/arm/arm-gnu-toolchain/bin/../lib/gcc/arm-none-eabi/6.3.1/../../../../arm-none-eabi/lib/thumb/v7-m\libc.a(lib_a-__call_atexit.o)
                              c:/program files (x86)/atmel/studio/7.0/toolchain/arm/arm-gnu-toolchain/bin/../lib/gcc/arm-none-eabi/6.3.1/../../../../arm-none-eabi/lib/thumb/v7-m\libc.a(lib_a-exit.o) (__call_exitprocs)
c:/program files (x86)/atmel/studio/7.0/toolchain/arm/arm-gnu-toolchain/bin/../lib/gcc/arm-none-eabi/6.3.1/../../../../arm-none-eabi/lib/thumb/v7-m\libc.a(lib_a-atexit.o)
                              c:/program files (x86)/atmel/studio/7.0/toolchain/arm/arm-gnu-toolchain/bin/../lib/gcc/arm-none-eabi/6.3.1/../../../../arm-none-eabi/lib/thumb/v7-m\libc.a(lib_a-__call_atexit.o) (atexit)
c:/program files (x86)/atmel/studio/7.0/toolchain/arm/arm-gnu-toolchain/bin/../lib/gcc/arm-none-eabi/6.3.1/../../../../arm-none-eabi/lib/thumb/v7-m\libc.a(lib_a-fini.o)
                              c:/program files (x86)/atmel/studio/7.0/toolchain/arm/arm-gnu-toolchain/bin/../lib/gcc/arm-none-eabi/6.3.1/../../../../arm-none-eabi/lib/thumb/v7-m\libc.a(lib_a-__call_atexit.o) (__libc_fini_array)
c:/program files (x86)/atmel/studio/7.0/toolchain/arm/arm-gnu-toolchain/bin/../lib/gcc/arm-none-eabi/6.3.1/../../../../arm-none-eabi/lib/thumb/v7-m\libc.a(lib_a-lock.o)
                              c:/program files (x86)/atmel/studio/7.0/toolchain/arm/arm-gnu-toolchain/bin/../lib/gcc/arm-none-eabi/6.3.1/../../../../arm-none-eabi/lib/thumb/v7-m\libc.a(lib_a-__call_atexit.o) (__retarget_lock_acquire_recursive)
c:/program files (x86)/atmel/studio/7.0/toolchain/arm/arm-gnu-toolchain/bin/../lib/gcc/arm-none-eabi/6.3.1/../../../../arm-none-eabi/lib/thumb/v7-m\libc.a(lib_a-__atexit.o)
                              c:/program files (x86)/atmel/studio/7.0/toolchain/arm/arm-gnu-toolchain/bin/../lib/gcc/arm-none-eabi/6.3.1/../../../../arm-none-eabi/lib/thumb/v7-m\libc.a(lib_a-atexit.o) (__register_exitproc)

Allocating common symbols
Common symbol       size              file

__lock___atexit_recursive_mutex
                    0x1               c:/program files (x86)/atmel/studio/7.0/toolchain/arm/arm-gnu-toolchain/bin/../lib/gcc/arm-none-eabi/6.3.1/../../../../arm-none-eabi/lib/thumb/v7-m\libc.a(lib_a-lock.o)
__lock___arc4random_mutex
                    0x1               c:/program files (x86)/atmel/studio/7.0/toolchain/arm/arm-gnu-toolchain/bin/../lib/gcc/arm-none-eabi/6.3.1/../../../../arm-none-eabi/lib/thumb/v7-m\libc.a(lib_a-lock.o)
__lock___env_recursive_mutex
[...]
Memory Configuration

Name             Origin             Length             Attributes
rom              0x00080000         0x00080000         xr
ram              0x20000000         0x00018000         xrw
*default*        0x00000000         0xffffffff

Linker script and memory map

LOAD c:/program files (x86)/atmel/studio/7.0/toolchain/arm/arm-gnu-toolchain/bin/../lib/gcc/arm-none-eabi/6.3.1/thumb/v7-m/crti.o
LOAD c:/program files (x86)/atmel/studio/7.0/toolchain/arm/arm-gnu-toolchain/bin/../lib/gcc/arm-none-eabi/6.3.1/thumb/v7-m/crtbegin.o
LOAD c:/program files (x86)/atmel/studio/7.0/toolchain/arm/arm-gnu-toolchain/bin/../lib/gcc/arm-none-eabi/6.3.1/../../../../arm-none-eabi/lib/thumb/v7-m/crt0.o
LOAD Device_Startup/startup_sam3xa.o
LOAD Device_Startup/system_sam3xa.o
LOAD main.o
LOAD Serial.o
LOAD TimerClass.o
START GROUP
END GROUP
LOAD c:/program files (x86)/atmel/studio/7.0/toolchain/arm/arm-gnu-toolchain/bin/../lib/gcc/arm-none-eabi/6.3.1/../../../../arm-none-eabi/lib/thumb/v7-m\libstdc++.a
LOAD c:/program files (x86)/atmel/studio/7.0/toolchain/arm/arm-gnu-toolchain/bin/../lib/gcc/arm-none-eabi/6.3.1/../../../../arm-none-eabi/lib/thumb/v7-m\libm.a
START GROUP
LOAD c:/program files (x86)/atmel/studio/7.0/toolchain/arm/arm-gnu-toolchain/bin/../lib/gcc/arm-none-eabi/6.3.1/thumb/v7-m\libgcc.a
LOAD c:/program files (x86)/atmel/studio/7.0/toolchain/arm/arm-gnu-toolchain/bin/../lib/gcc/arm-none-eabi/6.3.1/../../../../arm-none-eabi/lib/thumb/v7-m\libc.a
END GROUP
LOAD c:/program files (x86)/atmel/studio/7.0/toolchain/arm/arm-gnu-toolchain/bin/../lib/gcc/arm-none-eabi/6.3.1/thumb/v7-m/crtend.o
LOAD c:/program files (x86)/atmel/studio/7.0/toolchain/arm/arm-gnu-toolchain/bin/../lib/gcc/arm-none-eabi/6.3.1/thumb/v7-m/crtn.o
                0x00000400                STACK_SIZE = DEFINED (STACK_SIZE)?STACK_SIZE:0x400
                0x00000200                HEAP_SIZE = DEFINED (HEAP_SIZE)?HEAP_SIZE:0x200

.text           0x00080000     0x152c
                0x00080000                . = ALIGN (0x4)
                0x00080000                _sfixed = .
 *(.vectors .vectors.*)
 .vectors       0x00080000       0xf4 Device_Startup/startup_sam3xa.o
                0x00080000                exception_table
 *(.text .text.* .gnu.linkonce.t.*)
 .text          0x000800f4       0x6c c:/program files (x86)/atmel/studio/7.0/toolchain/arm/arm-gnu-toolchain/bin/../lib/gcc/arm-none-eabi/6.3.1/thumb/v7-m/crtbegin.o
 .text.Dummy_Handler
                0x00080160        0x2 Device_Startup/startup_sam3xa.o
                0x00080160                DACC_Handler
                0x00080160                DebugMon_Handler
                0x00080160                DMAC_Handler
                0x00080160                TRNG_Handler
                0x00080160                HardFault_Handler
                0x00080160                TC2_Handler
                0x00080160                SysTick_Handler
                0x00080160                USART3_Handler
                0x00080160                TWI1_Handler
                0x00080160                PendSV_Handler
                0x00080160                NMI_Handler
                0x00080160                TC7_Handler
                0x00080160                ADC_Handler
                0x00080160                SMC_Handler
                0x00080160                USART0_Handler
                0x00080160                RTT_Handler
                0x00080160                EFC1_Handler
                0x00080160                PIOB_Handler
                0x00080160                RTC_Handler
                0x00080160                UsageFault_Handler
                0x00080160                TC6_Handler
                0x00080160                WDT_Handler
                0x00080160                CAN0_Handler
                0x00080160                TC4_Handler
                0x00080160                HSMCI_Handler
                0x00080160                TC3_Handler
                0x00080160                Dummy_Handler
                0x00080160                TWI0_Handler
                0x00080160                USART1_Handler
                0x00080160                PIOA_Handler
                0x00080160                SSC_Handler
                0x00080160                EFC0_Handler
                0x00080160                PMC_Handler
                0x00080160                PWM_Handler
                0x00080160                CAN1_Handler
                0x00080160                MemManage_Handler
                0x00080160                SUPC_Handler
                0x00080160                SVC_Handler
                0x00080160                TC8_Handler
                0x00080160                USART2_Handler
                0x00080160                PIOD_Handler
                0x00080160                EMAC_Handler
                0x00080160                PIOC_Handler
                0x00080160                BusFault_Handler
                0x00080160                RSTC_Handler
                0x00080160                TC0_Handler
                0x00080160                TC5_Handler
                0x00080160                UOTGHS_Handler
                0x00080160                SPI0_Handler
 *fill*         0x00080162        0x2 
 .text.Reset_Handler
                0x00080164       0x88 Device_Startup/startup_sam3xa.o
                0x00080164                Reset_Handler
 .text.SystemInit
                0x000801ec       0xa4 Device_Startup/system_sam3xa.o
                0x000801ec                SystemInit
 .text.UART_Handler
                0x00080290       0x5c main.o
                0x00080290                UART_Handler
 .text._Z13keepaliveInitv
                0x000802ec       0x20 main.o
                0x000802ec                keepaliveInit()
 .text.main     0x0008030c       0xf0 main.o
                0x0008030c                main
 .text._Z9keepalivev
                0x000803fc       0x54 main.o
                0x000803fc                keepalive()
 .text.TC1_Handler
                0x00080450       0x28 main.o
                0x00080450                TC1_Handler
 .text._GLOBAL__sub_I_its_chewsday
                0x00080478       0x2c main.o
 .text._Z14configure_uartv
                0x000804a4       0x54 Serial.o
                0x000804a4                configure_uart()
 .text._Z12uart_putcharh
                0x000804f8       0x24 Serial.o
                0x000804f8                uart_putchar(unsigned char)
 .text._ZN8TimerOut7initPWMEhmff
                0x0008051c      0x23c TimerClass.o
                0x0008051c                TimerOut::initPWM(unsigned char, unsigned long, float, float)
 .text._ZN8TimerOut7initINTEhm
                0x00080758      0x140 TimerClass.o
                0x00080758                TimerOut::initINT(unsigned char, unsigned long)
 .text._ZN8TimerOut9out_A_OffEv
                0x00080898       0x24 TimerClass.o
                0x00080898                TimerOut::out_A_Off()
 .text._ZN8TimerOut9out_B_OffEv
                0x000808bc       0x24 TimerClass.o
                0x000808bc                TimerOut::out_B_Off()
 .text._ZN8TimerOut8out_A_OnEv
                0x000808e0       0x28 TimerClass.o
                0x000808e0                TimerOut::out_A_On()
 .text._ZN8TimerOut8out_B_OnEv
                0x00080908       0x28 TimerClass.o
                0x00080908                TimerOut::out_B_On()
 .text._ZN8TimerOut9set_TimesEmmmm
                0x00080930        0xc TimerClass.o
                0x00080930                TimerOut::set_Times(unsigned long, unsigned long, unsigned long, unsigned long)
 .text._ZN8TimerOut10checkTimesEv
                0x0008093c       0x64 TimerClass.o
                0x0008093c                TimerOut::checkTimes()
 .text          0x000809a0      0x370 c:/program files (x86)/atmel/studio/7.0/toolchain/arm/arm-gnu-toolchain/bin/../lib/gcc/arm-none-eabi/6.3.1/thumb/v7-m\libgcc.a(_arm_addsubdf3.o)
                0x000809a0                __aeabi_drsub
                0x000809a8                __aeabi_dsub
                0x000809a8                __subdf3
                0x000809ac                __aeabi_dadd
                0x000809ac                __adddf3
                0x00080c24                __floatunsidf
                0x00080c24                __aeabi_ui2d
                0x00080c44                __floatsidf
                0x00080c44                __aeabi_i2d
                0x00080c68                __aeabi_f2d
                0x00080c68                __extendsfdf2
                0x00080ca4                __floatundidf
                0x00080ca4                __aeabi_ul2d
                0x00080cb4                __floatdidf
                0x00080cb4                __aeabi_l2d
 .text          0x00080d10      0x424 c:/program files (x86)/atmel/studio/7.0/toolchain/arm/arm-gnu-toolchain/bin/../lib/gcc/arm-none-eabi/6.3.1/thumb/v7-m\libgcc.a(_arm_muldivdf3.o)
                0x00080d10                __aeabi_dmul
                0x00080d10                __muldf3
                0x00080f64                __divdf3
                0x00080f64                __aeabi_ddiv
 .text          0x00081134       0x40 c:/program files (x86)/atmel/studio/7.0/toolchain/arm/arm-gnu-toolchain/bin/../lib/gcc/arm-none-eabi/6.3.1/thumb/v7-m\libgcc.a(_arm_fixunsdfsi.o)
                0x00081134                __aeabi_d2uiz
                0x00081134                __fixunsdfsi
 .text          0x00081174      0x21c c:/program files (x86)/atmel/studio/7.0/toolchain/arm/arm-gnu-toolchain/bin/../lib/gcc/arm-none-eabi/6.3.1/thumb/v7-m\libgcc.a(_arm_addsubsf3.o)
                0x00081174                __aeabi_frsub
                0x0008117c                __subsf3
                0x0008117c                __aeabi_fsub
                0x00081180                __aeabi_fadd
                0x00081180                __addsf3
                0x000812e0                __aeabi_ui2f
                0x000812e0                __floatunsisf
                0x000812e8                __aeabi_i2f
                0x000812e8                __floatsisf
                0x00081304                __aeabi_ul2f
                0x00081304                __floatundisf
                0x00081314                __aeabi_l2f
                0x00081314                __floatdisf
 .text.__libc_init_array
                0x00081390       0x50 c:/program files (x86)/atmel/studio/7.0/toolchain/arm/arm-gnu-toolchain/bin/../lib/gcc/arm-none-eabi/6.3.1/../../../../arm-none-eabi/lib/thumb/v7-m\libc.a(lib_a-init.o)
                0x00081390                __libc_init_array
 .text.startup.register_fini
                0x000813e0       0x14 c:/program files (x86)/atmel/studio/7.0/toolchain/arm/arm-gnu-toolchain/bin/../lib/gcc/arm-none-eabi/6.3.1/../../../../arm-none-eabi/lib/thumb/v7-m\libc.a(lib_a-__call_atexit.o)
 .text.atexit   0x000813f4        0xc c:/program files (x86)/atmel/studio/7.0/toolchain/arm/arm-gnu-toolchain/bin/../lib/gcc/arm-none-eabi/6.3.1/../../../../arm-none-eabi/lib/thumb/v7-m\libc.a(lib_a-atexit.o)
                0x000813f4                atexit
 .text.__libc_fini_array
                0x00081400       0x34 c:/program files (x86)/atmel/studio/7.0/toolchain/arm/arm-gnu-toolchain/bin/../lib/gcc/arm-none-eabi/6.3.1/../../../../arm-none-eabi/lib/thumb/v7-m\libc.a(lib_a-fini.o)
                0x00081400                __libc_fini_array
 .text.__retarget_lock_acquire_recursive
                0x00081434        0x4 c:/program files (x86)/atmel/studio/7.0/toolchain/arm/arm-gnu-toolchain/bin/../lib/gcc/arm-none-eabi/6.3.1/../../../../arm-none-eabi/lib/thumb/v7-m\libc.a(lib_a-lock.o)
                0x00081434                __retarget_lock_acquire_recursive
 .text.__retarget_lock_release_recursive
                0x00081438        0x4 c:/program files (x86)/atmel/studio/7.0/toolchain/arm/arm-gnu-toolchain/bin/../lib/gcc/arm-none-eabi/6.3.1/../../../../arm-none-eabi/lib/thumb/v7-m\libc.a(lib_a-lock.o)
                0x00081438                __retarget_lock_release_recursive
 .text.__register_exitproc
                0x0008143c       0xc4 c:/program files (x86)/atmel/studio/7.0/toolchain/arm/arm-gnu-toolchain/bin/../lib/gcc/arm-none-eabi/6.3.1/../../../../arm-none-eabi/lib/thumb/v7-m\libc.a(lib_a-__atexit.o)
                0x0008143c                __register_exitproc
 *(.glue_7t)
 .glue_7t       0x00081500        0x0 linker stubs
 *(.glue_7)
 .glue_7        0x00081500        0x0 linker stubs
 *(.rodata .rodata* .gnu.linkonce.r.*)
 .rodata._global_impure_ptr
                0x00081500        0x4 c:/program files (x86)/atmel/studio/7.0/toolchain/arm/arm-gnu-toolchain/bin/../lib/gcc/arm-none-eabi/6.3.1/../../../../arm-none-eabi/lib/thumb/v7-m\libc.a(lib_a-impure.o)
                0x00081500                _global_impure_ptr
 *(.ARM.extab* .gnu.linkonce.armextab.*)
                0x00081504                . = ALIGN (0x4)
 *(.init)
 .init          0x00081504        0x4 c:/program files (x86)/atmel/studio/7.0/toolchain/arm/arm-gnu-toolchain/bin/../lib/gcc/arm-none-eabi/6.3.1/thumb/v7-m/crti.o
                0x00081504                _init
 .init          0x00081508        0x8 c:/program files (x86)/atmel/studio/7.0/toolchain/arm/arm-gnu-toolchain/bin/../lib/gcc/arm-none-eabi/6.3.1/thumb/v7-m/crtn.o
                0x00081510                . = ALIGN (0x4)
                0x00081510                __preinit_array_start = .
 *(.preinit_array)
                0x00081510                __preinit_array_end = .
                0x00081510                . = ALIGN (0x4)
                0x00081510                __init_array_start = .
 *(SORT(.init_array.*))
 .init_array.00000
                0x00081510        0x4 c:/program files (x86)/atmel/studio/7.0/toolchain/arm/arm-gnu-toolchain/bin/../lib/gcc/arm-none-eabi/6.3.1/../../../../arm-none-eabi/lib/thumb/v7-m\libc.a(lib_a-__call_atexit.o)
 *(.init_array)
 .init_array    0x00081514        0x4 c:/program files (x86)/atmel/studio/7.0/toolchain/arm/arm-gnu-toolchain/bin/../lib/gcc/arm-none-eabi/6.3.1/thumb/v7-m/crtbegin.o
 .init_array    0x00081518        0x4 main.o
                0x0008151c                __init_array_end = .
                0x0008151c                . = ALIGN (0x4)
 *crtbegin.o(.ctors)
 *(EXCLUDE_FILE(*crtend.o) .ctors)
 *(SORT(.ctors.*))
 *crtend.o(.ctors)
                0x0008151c                . = ALIGN (0x4)
 *(.fini)
 .fini          0x0008151c        0x4 c:/program files (x86)/atmel/studio/7.0/toolchain/arm/arm-gnu-toolchain/bin/../lib/gcc/arm-none-eabi/6.3.1/thumb/v7-m/crti.o
                0x0008151c                _fini
 .fini          0x00081520        0x8 c:/program files (x86)/atmel/studio/7.0/toolchain/arm/arm-gnu-toolchain/bin/../lib/gcc/arm-none-eabi/6.3.1/thumb/v7-m/crtn.o
                0x00081528                . = ALIGN (0x4)
                0x00081528                __fini_array_start = .
 *(.fini_array)
 .fini_array    0x00081528        0x4 c:/program files (x86)/atmel/studio/7.0/toolchain/arm/arm-gnu-toolchain/bin/../lib/gcc/arm-none-eabi/6.3.1/thumb/v7-m/crtbegin.o
 *(SORT(.fini_array.*))
                0x0008152c                __fini_array_end = .
 *crtbegin.o(.dtors)
 *(EXCLUDE_FILE(*crtend.o) .dtors)
 *(SORT(.dtors.*))
 *crtend.o(.dtors)
                0x0008152c                . = ALIGN (0x4)
                0x0008152c                _efixed = .
                [!provide]                PROVIDE (__exidx_start, .)

.vfp11_veneer   0x0008152c        0x0
 .vfp11_veneer  0x0008152c        0x0 linker stubs

.v4_bx          0x0008152c        0x0
 .v4_bx         0x0008152c        0x0 linker stubs

.iplt           0x0008152c        0x0
 .iplt          0x0008152c        0x0 c:/program files (x86)/atmel/studio/7.0/toolchain/arm/arm-gnu-toolchain/bin/../lib/gcc/arm-none-eabi/6.3.1/thumb/v7-m/crtbegin.o

.eh_frame       0x0008152c        0x0
 .eh_frame      0x0008152c        0x0 c:/program files (x86)/atmel/studio/7.0/toolchain/arm/arm-gnu-toolchain/bin/../lib/gcc/arm-none-eabi/6.3.1/thumb/v7-m/crtbegin.o

.rel.dyn        0x0008152c        0x0
 .rel.iplt      0x0008152c        0x0 c:/program files (x86)/atmel/studio/7.0/toolchain/arm/arm-gnu-toolchain/bin/../lib/gcc/arm-none-eabi/6.3.1/thumb/v7-m/crtbegin.o

.jcr            0x0008152c        0x0
 .jcr           0x0008152c        0x0 c:/program files (x86)/atmel/studio/7.0/toolchain/arm/arm-gnu-toolchain/bin/../lib/gcc/arm-none-eabi/6.3.1/thumb/v7-m/crtbegin.o

.igot.plt       0x0008152c        0x0
 .igot.plt      0x0008152c        0x0 c:/program files (x86)/atmel/studio/7.0/toolchain/arm/arm-gnu-toolchain/bin/../lib/gcc/arm-none-eabi/6.3.1/thumb/v7-m/crtbegin.o

.ARM.exidx
 *(.ARM.exidx* .gnu.linkonce.armexidx.*)
                [!provide]                PROVIDE (__exidx_end, .)
                0x0008152c                . = ALIGN (0x4)
                0x0008152c                _etext = .

.relocate       0x20000000      0x574 load address 0x0008152c
                0x20000000                . = ALIGN (0x4)
                0x20000000                _srelocate = .
 *(.ramfunc .ramfunc.*)
 *(.data .data.*)
 .data          0x20000000        0x4 Device_Startup/system_sam3xa.o
                0x20000000                SystemCoreClock
 .data          0x20000004      0x144 TimerClass.o
                0x20000004                TimerOut::timers
 .data.impure_data
                0x20000148      0x428 c:/program files (x86)/atmel/studio/7.0/toolchain/arm/arm-gnu-toolchain/bin/../lib/gcc/arm-none-eabi/6.3.1/../../../../arm-none-eabi/lib/thumb/v7-m\libc.a(lib_a-impure.o)
 .data.__atexit_recursive_mutex
                0x20000570        0x4 c:/program files (x86)/atmel/studio/7.0/toolchain/arm/arm-gnu-toolchain/bin/../lib/gcc/arm-none-eabi/6.3.1/../../../../arm-none-eabi/lib/thumb/v7-m\libc.a(lib_a-__call_atexit.o)
                0x20000570                __atexit_recursive_mutex
                0x20000574                . = ALIGN (0x4)
                0x20000574                _erelocate = .

.bss            0x20000574      0x16c load address 0x00081aa0
                0x20000574                . = ALIGN (0x4)
                0x20000574                _sbss = .
                0x20000574                _szero = .
 *(.bss .bss.*)
 .bss           0x20000574       0x1c c:/program files (x86)/atmel/studio/7.0/toolchain/arm/arm-gnu-toolchain/bin/../lib/gcc/arm-none-eabi/6.3.1/thumb/v7-m/crtbegin.o
 .bss           0x20000590      0x12b main.o
                0x20000590                data
                0x20000591                serialPointer
                0x20000594                serialChars
                0x2000059c                msgrecv
                0x200005a0                its_chewsday
                0x200005d8                T1
                0x20000610                T2
                0x20000648                T3
                0x20000680                Tint
                0x200006b8                ka
                0x200006ba                a
 *(COMMON)
 *fill*         0x200006bb        0x1 
 COMMON         0x200006bc       0x21 c:/program files (x86)/atmel/studio/7.0/toolchain/arm/arm-gnu-toolchain/bin/../lib/gcc/arm-none-eabi/6.3.1/../../../../arm-none-eabi/lib/thumb/v7-m\libc.a(lib_a-lock.o)
                0x200006bc                __lock___atexit_recursive_mutex
                0x200006c0                __lock___arc4random_mutex
                0x200006c4                __lock___env_recursive_mutex
                0x200006c8                __lock___sinit_recursive_mutex
                0x200006cc                __lock___malloc_recursive_mutex
                0x200006d0                __lock___at_quick_exit_mutex
                0x200006d4                __lock___dd_hash_mutex
                0x200006d8                __lock___tz_mutex
                0x200006dc                __lock___sfp_recursive_mutex
                0x200006e0                . = ALIGN (0x4)
 *fill*         0x200006dd        0x3 
                0x200006e0                _ebss = .
                0x200006e0                _ezero = .

.stack          0x200006e0      0x400 load address 0x00081c0c
                0x200006e0                . = ALIGN (0x8)
                0x200006e0                _sstack = .
                0x20000ae0                . = (. + STACK_SIZE)
 *fill*         0x200006e0      0x400 
                0x20000ae0                . = ALIGN (0x8)
                0x20000ae0                _estack = .

.heap           0x20000ae0      0x200 load address 0x0008200c
                0x20000ae0                . = ALIGN (0x8)
                0x20000ae0                _sheap = .
                0x20000ce0                . = (. + HEAP_SIZE)
 *fill*         0x20000ae0      0x200 
                0x20000ce0                . = ALIGN (0x8)
                0x20000ce0                _eheap = .
                0x20000ce0                . = ALIGN (0x4)
                0x20000ce0                _end = .
                0x20017fff                _ram_end_ = ((ORIGIN (ram) + LENGTH (ram)) - 0x1)
OUTPUT(PWM.elf elf32-littlearm)

.ARM.attributes
                0x00000000       0x29
 .ARM.attributes
                0x00000000       0x1d c:/program files (x86)/atmel/studio/7.0/toolchain/arm/arm-gnu-toolchain/bin/../lib/gcc/arm-none-eabi/6.3.1/thumb/v7-m/crti.o
 .ARM.attributes
                0x0000001d       0x2d c:/program files (x86)/atmel/studio/7.0/toolchain/arm/arm-gnu-toolchain/bin/../lib/gcc/arm-none-eabi/6.3.1/thumb/v7-m/crtbegin.o
 .ARM.attributes
                0x0000004a       0x33 Device_Startup/startup_sam3xa.o
 .ARM.attributes
                0x0000007d       0x33 Device_Startup/system_sam3xa.o
 .ARM.attributes
                0x000000b0       0x33 main.o
 .ARM.attributes
                0x000000e3       0x33 Serial.o
 .ARM.attributes
                0x00000116       0x33 TimerClass.o
 .ARM.attributes
                0x00000149       0x1d c:/program files (x86)/atmel/studio/7.0/toolchain/arm/arm-gnu-toolchain/bin/../lib/gcc/arm-none-eabi/6.3.1/thumb/v7-m\libgcc.a(_arm_addsubdf3.o)
 .ARM.attributes
                0x00000166       0x1d c:/program files (x86)/atmel/studio/7.0/toolchain/arm/arm-gnu-toolchain/bin/../lib/gcc/arm-none-eabi/6.3.1/thumb/v7-m\libgcc.a(_arm_muldivdf3.o)
 .ARM.attributes
                0x00000183       0x1d c:/program files (x86)/atmel/studio/7.0/toolchain/arm/arm-gnu-toolchain/bin/../lib/gcc/arm-none-eabi/6.3.1/thumb/v7-m\libgcc.a(_arm_fixunsdfsi.o)
 .ARM.attributes
                0x000001a0       0x1d c:/program files (x86)/atmel/studio/7.0/toolchain/arm/arm-gnu-toolchain/bin/../lib/gcc/arm-none-eabi/6.3.1/thumb/v7-m\libgcc.a(_arm_addsubsf3.o)
 .ARM.attributes
                0x000001bd       0x2d c:/program files (x86)/atmel/studio/7.0/toolchain/arm/arm-gnu-toolchain/bin/../lib/gcc/arm-none-eabi/6.3.1/../../../../arm-none-eabi/lib/thumb/v7-m\libc.a(lib_a-impure.o)
 .ARM.attributes
                0x000001ea       0x2d c:/program files (x86)/atmel/studio/7.0/toolchain/arm/arm-gnu-toolchain/bin/../lib/gcc/arm-none-eabi/6.3.1/../../../../arm-none-eabi/lib/thumb/v7-m\libc.a(lib_a-init.o)
 .ARM.attributes
                0x00000217       0x2d c:/program files (x86)/atmel/studio/7.0/toolchain/arm/arm-gnu-toolchain/bin/../lib/gcc/arm-none-eabi/6.3.1/../../../../arm-none-eabi/lib/thumb/v7-m\libc.a(lib_a-__call_atexit.o)
 .ARM.attributes
                0x00000244       0x2d c:/program files (x86)/atmel/studio/7.0/toolchain/arm/arm-gnu-toolchain/bin/../lib/gcc/arm-none-eabi/6.3.1/../../../../arm-none-eabi/lib/thumb/v7-m\libc.a(lib_a-atexit.o)
 .ARM.attributes
                0x00000271       0x2d c:/program files (x86)/atmel/studio/7.0/toolchain/arm/arm-gnu-toolchain/bin/../lib/gcc/arm-none-eabi/6.3.1/../../../../arm-none-eabi/lib/thumb/v7-m\libc.a(lib_a-fini.o)
 .ARM.attributes
                0x0000029e       0x2d c:/program files (x86)/atmel/studio/7.0/toolchain/arm/arm-gnu-toolchain/bin/../lib/gcc/arm-none-eabi/6.3.1/../../../../arm-none-eabi/lib/thumb/v7-m\libc.a(lib_a-lock.o)
 .ARM.attributes
                0x000002cb       0x2d c:/program files (x86)/atmel/studio/7.0/toolchain/arm/arm-gnu-toolchain/bin/../lib/gcc/arm-none-eabi/6.3.1/../../../../arm-none-eabi/lib/thumb/v7-m\libc.a(lib_a-__atexit.o)
 .ARM.attributes
                0x000002f8       0x1d c:/program files (x86)/atmel/studio/7.0/toolchain/arm/arm-gnu-toolchain/bin/../lib/gcc/arm-none-eabi/6.3.1/thumb/v7-m/crtn.o

.comment        0x00000000       0x59
 .comment       0x00000000       0x59 Device_Startup/startup_sam3xa.o
                                 0x5a (size before relaxing)
 .comment       0x00000059       0x5a Device_Startup/system_sam3xa.o
 .comment       0x00000059       0x5a main.o
 .comment       0x00000059       0x5a Serial.o
 .comment       0x00000059       0x5a TimerClass.o

.debug_info     0x00000000     0x3a96
 .debug_info    0x00000000      0x74e Device_Startup/startup_sam3xa.o
 .debug_info    0x0000074e      0x444 Device_Startup/system_sam3xa.o
 .debug_info    0x00000b92     0x10e2 main.o
 .debug_info    0x00001c74      0xb97 Serial.o
 .debug_info    0x0000280b     0x128b TimerClass.o

.debug_abbrev   0x00000000      0xa48
 .debug_abbrev  0x00000000      0x153 Device_Startup/startup_sam3xa.o
 .debug_abbrev  0x00000153      0x102 Device_Startup/system_sam3xa.o
 .debug_abbrev  0x00000255      0x326 main.o
 .debug_abbrev  0x0000057b      0x1fe Serial.o
 .debug_abbrev  0x00000779      0x2cf TimerClass.o

.debug_loc      0x00000000      0x831
 .debug_loc     0x00000000       0x6b Device_Startup/startup_sam3xa.o
 .debug_loc     0x0000006b      0x129 main.o
 .debug_loc     0x00000194      0x1fa Serial.o
 .debug_loc     0x0000038e      0x4a3 TimerClass.o

.debug_aranges  0x00000000      0x160
 .debug_aranges
                0x00000000       0x28 Device_Startup/startup_sam3xa.o
 .debug_aranges
                0x00000028       0x30 Device_Startup/system_sam3xa.o
 .debug_aranges
                0x00000058       0x48 main.o
 .debug_aranges
                0x000000a0       0x40 Serial.o
 .debug_aranges
                0x000000e0       0x80 TimerClass.o

.debug_ranges   0x00000000      0x128
 .debug_ranges  0x00000000       0x18 Device_Startup/startup_sam3xa.o
 .debug_ranges  0x00000018       0x20 Device_Startup/system_sam3xa.o
 .debug_ranges  0x00000038       0x50 main.o
 .debug_ranges  0x00000088       0x30 Serial.o
 .debug_ranges  0x000000b8       0x70 TimerClass.o

.debug_macro    0x00000000    0x123a9
 .debug_macro   0x00000000      0x371 Device_Startup/startup_sam3xa.o
 .debug_macro   0x00000371      0x8b0 Device_Startup/startup_sam3xa.o
 .debug_macro   0x00000c21       0x22 Device_Startup/startup_sam3xa.o
 .debug_macro   0x00000c43       0x87 Device_Startup/startup_sam3xa.o
 .debug_macro   0x00000cca       0x51 Device_Startup/startup_sam3xa.o
 .debug_macro   0x00000d1b       0xef Device_Startup/startup_sam3xa.o
 .debug_macro   0x00000e0a       0x6a Device_Startup/startup_sam3xa.o
 .debug_macro   0x00000e74      0x1df Device_Startup/startup_sam3xa.o
 .debug_macro   0x00001053       0x20 Device_Startup/startup_sam3xa.o
 .debug_macro   0x00001073       0x1c Device_Startup/startup_sam3xa.o
 .debug_macro   0x0000108f       0x22 Device_Startup/startup_sam3xa.o
 .debug_macro   0x000010b1       0xc3 Device_Startup/startup_sam3xa.o
 .debug_macro   0x00001174      0xe49 Device_Startup/startup_sam3xa.o
 .debug_macro   0x00001fbd      0x11f Device_Startup/startup_sam3xa.o
 .debug_macro   0x000020dc      0xa7d Device_Startup/startup_sam3xa.o
 .debug_macro   0x00002b59      0x55a Device_Startup/startup_sam3xa.o
 .debug_macro   0x000030b3      0x1a8 Device_Startup/startup_sam3xa.o
 .debug_macro   0x0000325b      0x30b Device_Startup/startup_sam3xa.o
 .debug_macro   0x00003566      0x709 Device_Startup/startup_sam3xa.o
 .debug_macro   0x00003c6f       0xd6 Device_Startup/startup_sam3xa.o
 .debug_macro   0x00003d45      0x56c Device_Startup/startup_sam3xa.o
 .debug_macro   0x000042b1       0x1c Device_Startup/startup_sam3xa.o
 .debug_macro   0x000042cd      0x678 Device_Startup/startup_sam3xa.o
 .debug_macro   0x00004945      0x51e Device_Startup/startup_sam3xa.o
 .debug_macro   0x00004e63       0xbe Device_Startup/startup_sam3xa.o
 .debug_macro   0x00004f21     0x2333 Device_Startup/startup_sam3xa.o
 .debug_macro   0x00007254      0x7d1 Device_Startup/startup_sam3xa.o
 .debug_macro   0x00007a25      0xdbb Device_Startup/startup_sam3xa.o
 .debug_macro   0x000087e0       0x9a Device_Startup/startup_sam3xa.o
 .debug_macro   0x0000887a      0x29c Device_Startup/startup_sam3xa.o
 .debug_macro   0x00008b16       0x58 Device_Startup/startup_sam3xa.o
 .debug_macro   0x00008b6e      0x999 Device_Startup/startup_sam3xa.o
 .debug_macro   0x00009507      0x22d Device_Startup/startup_sam3xa.o
 .debug_macro   0x00009734      0x4b4 Device_Startup/startup_sam3xa.o
 .debug_macro   0x00009be8      0x64a Device_Startup/startup_sam3xa.o
 .debug_macro   0x0000a232      0x590 Device_Startup/startup_sam3xa.o
 .debug_macro   0x0000a7c2       0x46 Device_Startup/startup_sam3xa.o
 .debug_macro   0x0000a808      0x33f Device_Startup/startup_sam3xa.o
 .debug_macro   0x0000ab47      0x27e Device_Startup/startup_sam3xa.o
 .debug_macro   0x0000adc5     0x14dc Device_Startup/startup_sam3xa.o
 .debug_macro   0x0000c2a1      0x7cf Device_Startup/startup_sam3xa.o
 .debug_macro   0x0000ca70       0x76 Device_Startup/startup_sam3xa.o
 .debug_macro   0x0000cae6       0x82 Device_Startup/startup_sam3xa.o
 .debug_macro   0x0000cb68       0x76 Device_Startup/startup_sam3xa.o
 .debug_macro   0x0000cbde       0x4c Device_Startup/startup_sam3xa.o
 .debug_macro   0x0000cc2a      0x100 Device_Startup/startup_sam3xa.o
 .debug_macro   0x0000cd2a      0x100 Device_Startup/startup_sam3xa.o
 .debug_macro   0x0000ce2a      0x100 Device_Startup/startup_sam3xa.o
 .debug_macro   0x0000cf2a       0x88 Device_Startup/startup_sam3xa.o
 .debug_macro   0x0000cfb2       0x88 Device_Startup/startup_sam3xa.o
 .debug_macro   0x0000d03a      0x3b4 Device_Startup/startup_sam3xa.o
 .debug_macro   0x0000d3ee       0xbe Device_Startup/startup_sam3xa.o
 .debug_macro   0x0000d4ac       0xbe Device_Startup/startup_sam3xa.o
 .debug_macro   0x0000d56a       0xbe Device_Startup/startup_sam3xa.o
 .debug_macro   0x0000d628       0xbe Device_Startup/startup_sam3xa.o
 .debug_macro   0x0000d6e6      0x2b8 Device_Startup/startup_sam3xa.o
 .debug_macro   0x0000d99e      0x118 Device_Startup/startup_sam3xa.o
 .debug_macro   0x0000dab6      0x216 Device_Startup/startup_sam3xa.o
 .debug_macro   0x0000dccc      0x216 Device_Startup/startup_sam3xa.o
 .debug_macro   0x0000dee2       0x2e Device_Startup/startup_sam3xa.o
 .debug_macro   0x0000df10       0xac Device_Startup/startup_sam3xa.o
 .debug_macro   0x0000dfbc      0x13e Device_Startup/startup_sam3xa.o
 .debug_macro   0x0000e0fa       0x7c Device_Startup/startup_sam3xa.o
 .debug_macro   0x0000e176      0x1f6 Device_Startup/startup_sam3xa.o
 .debug_macro   0x0000e36c       0x64 Device_Startup/startup_sam3xa.o
 .debug_macro   0x0000e3d0       0xa6 Device_Startup/startup_sam3xa.o
 .debug_macro   0x0000e476       0x7c Device_Startup/startup_sam3xa.o
 .debug_macro   0x0000e4f2       0x16 Device_Startup/startup_sam3xa.o
 .debug_macro   0x0000e508       0x22 Device_Startup/startup_sam3xa.o
 .debug_macro   0x0000e52a       0x22 Device_Startup/startup_sam3xa.o
 .debug_macro   0x0000e54c      0x10c Device_Startup/startup_sam3xa.o
 .debug_macro   0x0000e658      0x10c Device_Startup/startup_sam3xa.o
 .debug_macro   0x0000e764      0x10c Device_Startup/startup_sam3xa.o
 .debug_macro   0x0000e870      0x10c Device_Startup/startup_sam3xa.o
 .debug_macro   0x0000e97c       0x1c Device_Startup/startup_sam3xa.o
 .debug_macro   0x0000e998       0x2e Device_Startup/startup_sam3xa.o
 .debug_macro   0x0000e9c6       0x22 Device_Startup/startup_sam3xa.o
 .debug_macro   0x0000e9e8       0x1c Device_Startup/startup_sam3xa.o
 .debug_macro   0x0000ea04       0x58 Device_Startup/startup_sam3xa.o
 .debug_macro   0x0000ea5c       0x10 Device_Startup/startup_sam3xa.o
 .debug_macro   0x0000ea6c      0x27a Device_Startup/startup_sam3xa.o
 .debug_macro   0x0000ece6      0xd34 Device_Startup/startup_sam3xa.o
 .debug_macro   0x0000fa1a      0x170 Device_Startup/startup_sam3xa.o
 .debug_macro   0x0000fb8a      0x383 Device_Startup/system_sam3xa.o
 .debug_macro   0x0000ff0d      0x38a main.o
 .debug_macro   0x00010297      0x982 main.o
 .debug_macro   0x00010c19       0x1c main.o
 .debug_macro   0x00010c35       0x87 main.o
 .debug_macro   0x00010cbc      0xe49 main.o
 .debug_macro   0x00011b05      0x380 Serial.o
 .debug_macro   0x00011e85      0x383 TimerClass.o
 .debug_macro   0x00012208       0x26 TimerClass.o
 .debug_macro   0x0001222e      0x17b TimerClass.o

.debug_line     0x00000000     0x260f
 .debug_line    0x00000000      0x725 Device_Startup/startup_sam3xa.o
 .debug_line    0x00000725      0x79b Device_Startup/system_sam3xa.o
 .debug_line    0x00000ec0      0x790 main.o
 .debug_line    0x00001650      0x77d Serial.o
 .debug_line    0x00001dcd      0x842 TimerClass.o

.debug_str      0x00000000    0x518ec
 .debug_str     0x00000000    0x502f0 Device_Startup/startup_sam3xa.o
                              0x504ad (size before relaxing)
 .debug_str     0x000502f0      0x2c7 Device_Startup/system_sam3xa.o
                              0x50240 (size before relaxing)
 .debug_str     0x000505b7      0xf11 main.o
                              0x50d79 (size before relaxing)
 .debug_str     0x000514c8       0xe0 Serial.o
                              0x50ae3 (size before relaxing)
 .debug_str     0x000515a8      0x344 TimerClass.o
                              0x51033 (size before relaxing)

.debug_frame    0x00000000      0x638
 .debug_frame   0x00000000       0x38 Device_Startup/startup_sam3xa.o
 .debug_frame   0x00000038       0x40 Device_Startup/system_sam3xa.o
 .debug_frame   0x00000078       0x9c main.o
 .debug_frame   0x00000114       0x84 Serial.o
 .debug_frame   0x00000198      0x174 TimerClass.o
 .debug_frame   0x0000030c       0xac c:/program files (x86)/atmel/studio/7.0/toolchain/arm/arm-gnu-toolchain/bin/../lib/gcc/arm-none-eabi/6.3.1/thumb/v7-m\libgcc.a(_arm_addsubdf3.o)
 .debug_frame   0x000003b8       0x50 c:/program files (x86)/atmel/studio/7.0/toolchain/arm/arm-gnu-toolchain/bin/../lib/gcc/arm-none-eabi/6.3.1/thumb/v7-m\libgcc.a(_arm_muldivdf3.o)
 .debug_frame   0x00000408       0x24 c:/program files (x86)/atmel/studio/7.0/toolchain/arm/arm-gnu-toolchain/bin/../lib/gcc/arm-none-eabi/6.3.1/thumb/v7-m\libgcc.a(_arm_fixunsdfsi.o)
 .debug_frame   0x0000042c       0x4c c:/program files (x86)/atmel/studio/7.0/toolchain/arm/arm-gnu-toolchain/bin/../lib/gcc/arm-none-eabi/6.3.1/thumb/v7-m\libgcc.a(_arm_addsubsf3.o)
 .debug_frame   0x00000478       0x2c c:/program files (x86)/atmel/studio/7.0/toolchain/arm/arm-gnu-toolchain/bin/../lib/gcc/arm-none-eabi/6.3.1/../../../../arm-none-eabi/lib/thumb/v7-m\libc.a(lib_a-init.o)
 .debug_frame   0x000004a4       0x5c c:/program files (x86)/atmel/studio/7.0/toolchain/arm/arm-gnu-toolchain/bin/../lib/gcc/arm-none-eabi/6.3.1/../../../../arm-none-eabi/lib/thumb/v7-m\libc.a(lib_a-__call_atexit.o)
 .debug_frame   0x00000500       0x20 c:/program files (x86)/atmel/studio/7.0/toolchain/arm/arm-gnu-toolchain/bin/../lib/gcc/arm-none-eabi/6.3.1/../../../../arm-none-eabi/lib/thumb/v7-m\libc.a(lib_a-atexit.o)
 .debug_frame   0x00000520       0x34 c:/program files (x86)/atmel/studio/7.0/toolchain/arm/arm-gnu-toolchain/bin/../lib/gcc/arm-none-eabi/6.3.1/../../../../arm-none-eabi/lib/thumb/v7-m\libc.a(lib_a-fini.o)
 .debug_frame   0x00000554       0xb0 c:/program files (x86)/atmel/studio/7.0/toolchain/arm/arm-gnu-toolchain/bin/../lib/gcc/arm-none-eabi/6.3.1/../../../../arm-none-eabi/lib/thumb/v7-m\libc.a(lib_a-lock.o)
 .debug_frame   0x00000604       0x34 c:/program files (x86)/atmel/studio/7.0/toolchain/arm/arm-gnu-toolchain/bin/../lib/gcc/arm-none-eabi/6.3.1/../../../../arm-none-eabi/lib/thumb/v7-m\libc.a(lib_a-__atexit.o)
